// Jest Snapshot v1, https://goo.gl/fbAQLP

exports[`should correctly render ConfirmationModal 1`] = `
<Modal
  ariaHideApp={true}
  bodyOpenClassName="ReactModal__Body--open"
  className="modal"
  closeTimeoutMS={200}
  contentLabel="Confirmation"
  isOpen={false}
  parentSelector={[Function]}
  portalClassName="ReactModalPortal"
  role="dialog"
  shouldCloseOnEsc={true}
  shouldCloseOnOverlayClick={true}
  shouldFocusAfterRender={true}
  shouldReturnFocusAfterClose={true}
>
  <h3
    className="modal__title"
  >
    Do you actually want to delete this expense?
  </h3>
  <div
    className="modal__button-wrapper"
  >
    <button
      className="button accept"
    >
      Okay
    </button>
    <button
      className="button reject"
    >
      No
    </button>
  </div>
</Modal>
`;
